// Jest Snapshot v1, https://goo.gl/fbAQLP

exports[`getdata корректный вывод 1`] = `
[
  "1",
  "2",
  "3",
  "4",
]
`;
